// Jest Snapshot v1, https://goo.gl/fbAQLP

exports[`The \`js-yaml\` parser generates the same JS object as the previous implementation 1`] = `"[\\"Alias\\",\\"ModificationTrigger\\",\\"Site\\",{\\"Context\\":[\\"Species\\",\\"CellLine\\",\\"Organ\\",\\"CellType\\",\\"Cellular_component\\",\\"TissueType\\",\\"ContextDirection\\",\\"ContextLocation\\",\\"ContextPossessive\\"]},{\\"Modification\\":[\\"PTM\\",{\\"Mutant\\":[\\"GenericMutant\\",\\"SubstitutionMutant\\",\\"DeletionMutant\\",\\"DuplicationMutant\\",\\"InsertionMutant\\",\\"FrameshiftMutant\\"]},\\"EventSite\\",\\"Negation\\"]},{\\"PossibleController\\":[{\\"Event\\":[{\\"SimpleEvent\\":[\\"Binding\\",\\"Generic_event\\",\\"Translocation\\",{\\"Amount\\":[{\\"IncreaseAmount\\":[\\"Transcription\\"]},\\"DecreaseAmount\\"]},{\\"AdditionEvent\\":[\\"Acetylation\\",\\"Farnesylation\\",\\"Glycosylation\\",\\"Hydrolysis\\",\\"Hydroxylation\\",\\"Methylation\\",{\\"Phosphorylation\\":[\\"AutoPhosphorylation\\"]},\\"Ribosylation\\",\\"Sumoylation\\",\\"Ubiquitination\\"]},{\\"RemovalEvent\\":[\\"Deacetylation\\",\\"Defarnesylation\\",\\"Deglycosylation\\",\\"Dehydrolysis\\",\\"Dehydroxylation\\",\\"Demethylation\\",\\"Dephosphorylation\\",\\"Deribosylation\\",\\"Desumoylation\\",\\"Deubiquitination\\"]}]},{\\"ComplexEvent\\":[{\\"Regulation\\":[\\"Positive_regulation\\",\\"Negative_regulation\\"]},{\\"ActivationEvent\\":[\\"Positive_activation\\",\\"Negative_activation\\"]}]}]},{\\"Entity\\":[{\\"BioEntity\\":[\\"BioProcess\\",{\\"BioChemicalEntity\\":[\\"Generic_entity\\",\\"Simple_chemical\\",{\\"Equivalable\\":[\\"Family\\",{\\"MacroMolecule\\":[\\"Protein\\",\\"Gene_or_gene_product\\",\\"Complex\\",\\"GENE\\"]}]}]}]}]}]},{\\"Precedence\\":[\\"DirectConnection\\",\\"IndirectConnection\\",{\\"BetweenSentence\\":[\\"TimexAfter\\",\\"TimexBefore\\",\\"SentenceInitialEvent\\",\\"InterAfter\\",\\"InterBefore\\"]},{\\"TAM\\":[\\"Aux\\",{\\"Tense\\":[\\"PastTense\\",\\"PresentTense\\",\\"FutureTense\\"]},{\\"Aspect\\":[\\"Perfective\\",\\"Progressive\\"]}]}]}]"`;
